// Jest Snapshot v1, https://goo.gl/fbAQLP

exports[`SearchResults renders correctly to match snapshot 1`] = `
<DocumentFragment>
  <div
    class="SearchResults"
    data-testid="SearchResults"
  >
    <img
      alt="mockImage"
      class="image-card"
      data-testid="image-card"
      src="mockImage"
    />
  </div>
</DocumentFragment>
`;
